--- normal ---
SONICLI  Now Playing                             Spotify Connect
──────────────────────────────────────────────────────────────────────

   CURRENT TRACK  PLAYING
 > Night Drive
   Example  |  Signals

   0:10  ==--------------------------------------------  -3:10
   Desk  |  45% volume  |  shuffle off  |  repeat off

   --------------------------------------------------------------
   UP NEXT  1
   Enter play  ·  a add  ·  x remove
   Afterglow  Example

──────────────────────────────────────────────────────────────────────
  a queue   x remove   f like   space play/pause   ? help
--- narrow ---
SONICLI  Now Playing                   Spotify Connect
────────────────────────────────────────────────────────────

   CURRENT TRACK  PLAYING
 > Night Drive
   Example  |  Signals

   0:10  =-----------------------------------  -3:10
   Desk  |  45% volume  |  shuffle off  |  repeat off

   ----------------------------------------------------
   UP NEXT  1
   Enter play  ·  a add  ·  x remove
   Afterglow  Example

────────────────────────────────────────────────────────────
  a queue   x remove   f like   space play/pause   ? help
--- no_color ---
SONICLI  Now Playing                             Spotify Connect
──────────────────────────────────────────────────────────────────────

   CURRENT TRACK  PLAYING
 > Night Drive
   Example  |  Signals

   0:10  ==--------------------------------------------  -3:10
   Desk  |  45% volume  |  shuffle off  |  repeat off

   --------------------------------------------------------------
   UP NEXT  1
   Enter play  ·  a add  ·  x remove
   Afterglow  Example

──────────────────────────────────────────────────────────────────────
  a queue   x remove   f like   space play/pause   ? help
--- empty ---
SONICLI  Now Playing                             Spotify Connect
──────────────────────────────────────────────────────────────────────

   Nothing is playing

   Press / to find music or d to choose a Spotify Connect device.









──────────────────────────────────────────────────────────────────────
  a queue   x remove   f like   space play/pause   ? help
--- loading ---
SONICLI  Now Playing                             Spotify Connect
──────────────────────────────────────────────────────────────────────

   Loading playback…











──────────────────────────────────────────────────────────────────────
  a queue   x remove   f like   space play/pause   ? help
--- offline ---
SONICLI  Now Playing                OFFLINE · showing last state
──────────────────────────────────────────────────────────────────────

   CURRENT TRACK  PLAYING
 > Night Drive
   Example  |  Signals

   0:10  ==--------------------------------------------  -3:10
   Desk  |  45% volume  |  shuffle off  |  repeat off

   --------------------------------------------------------------
   UP NEXT  1
   Enter play  ·  a add  ·  x remove
   Afterglow  Example

──────────────────────────────────────────────────────────────────────
  a queue   x remove   f like   space play/pause   ? help
--- error ---
SONICLI  Now Playing                             Spotify Connect
──────────────────────────────────────────────────────────────────────

   CURRENT TRACK  PLAYING
 > Night Drive
   Example  |  Signals

   0:10  ==--------------------------------------------  -3:10
   Desk  |  45% volume  |  shuffle off  |  repeat off

   --------------------------------------------------------------
   UP NEXT  1
   Enter play  ·  a add  ·  x remove
   Afterglow  Example

──────────────────────────────────────────────────────────────────────
  Spotify rate limit reached
