--- normal ---
SONICLI  Now Playing                             Spotify Connect
──────────────────────────────────────────────────────────────────────

   CURRENT TRACK  PLAYING
 > Night Drive
   Example  |  Signals

   0:10  ==--------------------------------------------  -3:10
   Desk  |  45% volume  |  shuffle off  |  repeat off

   --------------------------------------------------------------
   UP NEXT  1
   Enter play  ·  a add  ·  x remove
   Afterglow  Example

──────────────────────────────────────────────────────────────────────
  a queue   x remove   f like   space play/pause   ? help
--- wide_player ---
SONICLI  Now Playing                                                                               Spotify Connect
────────────────────────────────────────────────────────────────────────────────────────────────────────────────────────
                      │                                                                │
 > Now Playing        │  CURRENT TRACK  PLAYING                                        │  UP NEXT                   3
                      │                                                                │
   Search             │  > Night Drive                                                 │    Afterglow         Example
                      │    Example  |  Signals                                         │  ---------------------------
   Library            │                                                                │    Neon Lines   City Signals
                      │  0:10  ==-----------------------------------------  -3:10      │  ---------------------------
   Devices            │                                                                │    Last Train H… Night Shift
                      │  Desk  |  45% volume  |  shuffle off  |  repeat off            │
                      │                                                                │
                      │  [space play/pause] [n/p skip] [h/l seek 10s] [+/- volume]     │
                      │                                                                │
                      │                                                                │
                      │                                                                │
                      │                                                                │
                      │                                                                │
                      │                                                                │
                      │                                                                │
                      │                                                                │
                      │                                                                │
                      │                                                                │
                      │                                                                │
                      │                                                                │
                      │                                                                │
                      │                                                                │
                      │                                                                │
                      │                                                                │
                      │                                                                │
                      │                                                                │
────────────────────────────────────────────────────────────────────────────────────────────────────────────────────────
  a queue   x remove   f like   space play/pause   ? help
--- narrow ---
SONICLI  Now Playing                   Spotify Connect
────────────────────────────────────────────────────────────

   CURRENT TRACK  PLAYING
 > Night Drive
   Example  |  Signals

   0:10  =-----------------------------------  -3:10
   Desk  |  45% volume  |  shuffle off  |  repeat off

   ----------------------------------------------------
   UP NEXT  1
   Enter play  ·  a add  ·  x remove
   Afterglow  Example

────────────────────────────────────────────────────────────
  a queue   x remove   f like   space play/pause   ? help
--- no_color ---
SONICLI  Now Playing                             Spotify Connect
──────────────────────────────────────────────────────────────────────

   CURRENT TRACK  PLAYING
 > Night Drive
   Example  |  Signals

   0:10  ==--------------------------------------------  -3:10
   Desk  |  45% volume  |  shuffle off  |  repeat off

   --------------------------------------------------------------
   UP NEXT  1
   Enter play  ·  a add  ·  x remove
   Afterglow  Example

──────────────────────────────────────────────────────────────────────
  a queue   x remove   f like   space play/pause   ? help
--- empty ---
SONICLI  Now Playing                             Spotify Connect
──────────────────────────────────────────────────────────────────────

   Nothing is playing

   Press / to find music or d to choose a Spotify Connect device.









──────────────────────────────────────────────────────────────────────
  a queue   x remove   f like   space play/pause   ? help
--- loading ---
SONICLI  Now Playing                             Spotify Connect
──────────────────────────────────────────────────────────────────────

   Loading playback…











──────────────────────────────────────────────────────────────────────
  a queue   x remove   f like   space play/pause   ? help
--- offline ---
SONICLI  Now Playing                OFFLINE · showing last state
──────────────────────────────────────────────────────────────────────

   CURRENT TRACK  PLAYING
 > Night Drive
   Example  |  Signals

   0:10  ==--------------------------------------------  -3:10
   Desk  |  45% volume  |  shuffle off  |  repeat off

   --------------------------------------------------------------
   UP NEXT  1
   Enter play  ·  a add  ·  x remove
   Afterglow  Example

──────────────────────────────────────────────────────────────────────
  a queue   x remove   f like   space play/pause   ? help
--- idle ---
SONICLI  Now Playing                 IDLE · showing last session
──────────────────────────────────────────────────────────────────────

   CURRENT TRACK  SESSION IDLE
 > Night Drive
   Example  |  Signals

   0:10  ==--------------------------------------------  -3:10
   Desk  |  45% volume  |  shuffle off  |  repeat off

   --------------------------------------------------------------
   LAST QUEUE  1
   Enter play  ·  a add  ·  x remove
   Afterglow  Example

──────────────────────────────────────────────────────────────────────
  a queue   x remove   f like   space play/pause   ? help
--- error ---
SONICLI  Now Playing                             Spotify Connect
──────────────────────────────────────────────────────────────────────

   CURRENT TRACK  PLAYING
 > Night Drive
   Example  |  Signals

   0:10  ==--------------------------------------------  -3:10
   Desk  |  45% volume  |  shuffle off  |  repeat off

   --------------------------------------------------------------
   UP NEXT  1
   Enter play  ·  a add  ·  x remove
   Afterglow  Example

──────────────────────────────────────────────────────────────────────
  Spotify rate limit reached
