--- normal ---
SONICLI  Now Playing                             Spotify Connect
──────────────────────────────────────────────────────────────────────

 > Night Drive
   Example
   Signals

   0:10  ==--------------------------------------  -3:10
   PLAYING  |  Desk  |  VOL 45%
   SHUFFLE OFF  |  REPEAT OFF

   Up next  1
   Enter play now  ·  a add  ·  x remove
   Afterglow  Example

──────────────────────────────────────────────────────────────────────
  a queue   x remove   f like   space play/pause   ? help
--- narrow ---
SONICLI  Now Playing                   Spotify Connect
────────────────────────────────────────────────────────────

 > Night Drive
   Example
   Signals

   0:10  =-----------------------------  -3:10
   PLAYING  |  Desk  |  VOL 45%
   SHUFFLE OFF  |  REPEAT OFF

   Up next  1
   Enter play now  ·  a add  ·  x remove
   Afterglow  Example

────────────────────────────────────────────────────────────
  a queue   x remove   f like   space play/pause   ? help
--- no_color ---
SONICLI  Now Playing                             Spotify Connect
──────────────────────────────────────────────────────────────────────

 > Night Drive
   Example
   Signals

   0:10  ==--------------------------------------  -3:10
   PLAYING  |  Desk  |  VOL 45%
   SHUFFLE OFF  |  REPEAT OFF

   Up next  1
   Enter play now  ·  a add  ·  x remove
   Afterglow  Example

──────────────────────────────────────────────────────────────────────
  a queue   x remove   f like   space play/pause   ? help
--- empty ---
SONICLI  Now Playing                             Spotify Connect
──────────────────────────────────────────────────────────────────────

   Nothing is playing

   Press / to find music or d to choose a Spotify Connect device.









──────────────────────────────────────────────────────────────────────
  a queue   x remove   f like   space play/pause   ? help
--- loading ---
SONICLI  Now Playing                             Spotify Connect
──────────────────────────────────────────────────────────────────────

   Loading playback…











──────────────────────────────────────────────────────────────────────
  a queue   x remove   f like   space play/pause   ? help
--- offline ---
SONICLI  Now Playing                OFFLINE · showing last state
──────────────────────────────────────────────────────────────────────

 > Night Drive
   Example
   Signals

   0:10  ==--------------------------------------  -3:10
   PLAYING  |  Desk  |  VOL 45%
   SHUFFLE OFF  |  REPEAT OFF

   Up next  1
   Enter play now  ·  a add  ·  x remove
   Afterglow  Example

──────────────────────────────────────────────────────────────────────
  a queue   x remove   f like   space play/pause   ? help
--- error ---
SONICLI  Now Playing                             Spotify Connect
──────────────────────────────────────────────────────────────────────

 > Night Drive
   Example
   Signals

   0:10  ==--------------------------------------  -3:10
   PLAYING  |  Desk  |  VOL 45%
   SHUFFLE OFF  |  REPEAT OFF

   Up next  1
   Enter play now  ·  a add  ·  x remove
   Afterglow  Example

──────────────────────────────────────────────────────────────────────
  Spotify rate limit reached
